// Jest Snapshot v1, https://goo.gl/fbAQLP

exports[`<Button /> should be imutable component 1`] = `<button />`;
